[2025-08-20 12:53:43.287] [INFO] Cameraapp main function started
[2025-08-20 12:53:43.505] [INFO] Initializing cameraapp
[2025-08-20 12:53:55.767] [INFO] Cameraapp initialization complete
[2025-08-20 12:53:56.051] [INFO] Camera status update thread started
[2025-08-20 12:53:56.052] [INFO] Camera status changed: IDLE -> READY
[2025-08-20 12:53:56.039] [INFO] HK transmission thread started
[2025-08-20 12:53:56.075] [INFO] Camera data transmission thread started
[2025-08-20 12:53:56.128] [INFO] All cameraapp threads started
[2025-08-20 12:53:56.340] [MSG_SENT] Message 2702 sent to TelemetryApp
[2025-08-20 12:53:56.340] [MSG_SENT] Message 2701 sent to HKApp
[2025-08-20 12:53:56.358] [INFO] Disk usage updated: 0.0% -> 24.0%
[2025-08-20 12:53:56.446] [MSG_SENT] Message 2703 sent to FlightLogicApp
[2025-08-20 12:53:57.447] [MSG_SENT] Message 2702 sent to TelemetryApp
[2025-08-20 12:53:57.448] [MSG_SENT] Message 2701 sent to HKApp
[2025-08-20 12:53:57.449] [MSG_SENT] Message 2703 sent to FlightLogicApp
[2025-08-20 12:53:58.449] [MSG_SENT] Message 2701 sent to HKApp
[2025-08-20 12:53:58.451] [MSG_SENT] Message 2702 sent to TelemetryApp
[2025-08-20 12:53:58.455] [MSG_SENT] Message 2703 sent to FlightLogicApp
[2025-08-20 12:53:59.450] [MSG_SENT] Message 2701 sent to HKApp
[2025-08-20 12:53:59.456] [MSG_SENT] Message 2702 sent to TelemetryApp
[2025-08-20 12:53:59.458] [MSG_SENT] Message 2703 sent to FlightLogicApp
[2025-08-20 12:54:00.452] [MSG_SENT] Message 2701 sent to HKApp
[2025-08-20 12:54:00.459] [MSG_SENT] Message 2702 sent to TelemetryApp
[2025-08-20 12:54:00.460] [MSG_SENT] Message 2703 sent to FlightLogicApp
[2025-08-20 12:54:01.482] [MSG_SENT] Message 2702 sent to TelemetryApp
[2025-08-20 12:54:01.483] [MSG_SENT] Message 2701 sent to HKApp
[2025-08-20 12:54:01.487] [MSG_SENT] Message 2703 sent to FlightLogicApp
[2025-08-20 12:54:02.489] [MSG_SENT] Message 2701 sent to HKApp
[2025-08-20 12:54:02.489] [MSG_SENT] Message 2702 sent to TelemetryApp
[2025-08-20 12:54:02.492] [MSG_SENT] Message 2703 sent to FlightLogicApp
[2025-08-20 12:54:03.491] [MSG_SENT] Message 2701 sent to HKApp
[2025-08-20 12:54:03.494] [MSG_SENT] Message 2702 sent to TelemetryApp
[2025-08-20 12:54:04.975] [MSG_SENT] Message 2703 sent to FlightLogicApp
[2025-08-20 12:54:05.972] [MSG_SENT] Message 2701 sent to HKApp
[2025-08-20 12:54:05.976] [MSG_SENT] Message 2702 sent to TelemetryApp
[2025-08-20 12:54:05.978] [MSG_SENT] Message 2703 sent to FlightLogicApp
[2025-08-20 12:54:06.974] [MSG_SENT] Message 2701 sent to HKApp
[2025-08-20 12:54:06.979] [MSG_SENT] Message 2702 sent to TelemetryApp
[2025-08-20 12:54:06.981] [MSG_SENT] Message 2703 sent to FlightLogicApp
[2025-08-20 12:54:07.975] [MSG_SENT] Message 2701 sent to HKApp
[2025-08-20 12:54:07.984] [MSG_SENT] Message 2702 sent to TelemetryApp
[2025-08-20 12:54:07.987] [MSG_SENT] Message 2703 sent to FlightLogicApp
[2025-08-20 12:54:08.977] [MSG_SENT] Message 2701 sent to HKApp
[2025-08-20 12:54:08.990] [MSG_SENT] Message 2702 sent to TelemetryApp
[2025-08-20 12:54:09.770] [MSG_SENT] Message 2703 sent to FlightLogicApp
[2025-08-20 12:54:10.769] [MSG_SENT] Message 2701 sent to HKApp
[2025-08-20 12:54:10.772] [MSG_SENT] Message 2702 sent to TelemetryApp
[2025-08-20 12:54:10.773] [MSG_SENT] Message 2703 sent to FlightLogicApp
[2025-08-20 12:54:11.770] [MSG_SENT] Message 2701 sent to HKApp
[2025-08-20 12:54:11.775] [MSG_SENT] Message 2702 sent to TelemetryApp
[2025-08-20 12:54:11.778] [MSG_SENT] Message 2703 sent to FlightLogicApp
[2025-08-20 12:54:12.771] [MSG_SENT] Message 2701 sent to HKApp
[2025-08-20 12:54:12.794] [MSG_SENT] Message 2702 sent to TelemetryApp
[2025-08-20 12:54:12.797] [MSG_SENT] Message 2703 sent to FlightLogicApp
[2025-08-20 12:54:13.773] [MSG_SENT] Message 2701 sent to HKApp
[2025-08-20 12:54:13.798] [MSG_SENT] Message 2702 sent to TelemetryApp
[2025-08-20 12:54:15.757] [MSG_SENT] Message 2703 sent to FlightLogicApp
[2025-08-20 12:54:16.756] [MSG_SENT] Message 2701 sent to HKApp
[2025-08-20 12:54:17.261] [MSG_SENT] Message 2702 sent to TelemetryApp
[2025-08-20 12:54:17.262] [MSG_SENT] Message 2703 sent to FlightLogicApp
[2025-08-20 12:54:17.757] [MSG_SENT] Message 2701 sent to HKApp
[2025-08-20 12:54:18.769] [MSG_SENT] Message 2702 sent to TelemetryApp
[2025-08-20 12:54:18.818] [MSG_SENT] Message 2703 sent to FlightLogicApp
[2025-08-20 12:54:19.840] [MSG_SENT] Message 2702 sent to TelemetryApp
[2025-08-20 12:54:19.840] [MSG_SENT] Message 2701 sent to HKApp
[2025-08-20 12:54:19.841] [MSG_SENT] Message 2703 sent to FlightLogicApp
[2025-08-20 12:54:20.843] [MSG_SENT] Message 2701 sent to HKApp
[2025-08-20 12:54:20.843] [MSG_SENT] Message 2702 sent to TelemetryApp
[2025-08-20 12:54:20.845] [MSG_SENT] Message 2703 sent to FlightLogicApp
[2025-08-20 12:54:22.731] [MSG_SENT] Message 2701 sent to HKApp
[2025-08-20 12:54:25.393] [MSG_SENT] Message 2702 sent to TelemetryApp
[2025-08-20 12:54:27.153] [MSG_SENT] Message 2703 sent to FlightLogicApp
[2025-08-20 12:54:28.152] [MSG_SENT] Message 2701 sent to HKApp
[2025-08-20 12:54:28.155] [MSG_SENT] Message 2702 sent to TelemetryApp
[2025-08-20 12:54:28.220] [MSG_SENT] Message 2703 sent to FlightLogicApp
[2025-08-20 12:54:29.222] [MSG_SENT] Message 2702 sent to TelemetryApp
[2025-08-20 12:54:29.450] [MSG_SENT] Message 2703 sent to FlightLogicApp
[2025-08-20 12:54:29.222] [MSG_SENT] Message 2701 sent to HKApp
[2025-08-20 12:54:30.747] [MSG_SENT] Message 2702 sent to TelemetryApp
[2025-08-20 12:54:30.747] [MSG_SENT] Message 2701 sent to HKApp
[2025-08-20 12:54:30.759] [MSG_SENT] Message 2703 sent to FlightLogicApp
[2025-08-20 12:54:38.622] [MSG_SENT] Message 2702 sent to TelemetryApp
[2025-08-20 12:54:38.626] [MSG_SENT] Message 2703 sent to FlightLogicApp
[2025-08-20 12:54:38.624] [MSG_SENT] Message 2701 sent to HKApp
[2025-08-20 12:54:39.629] [MSG_SENT] Message 2701 sent to HKApp
[2025-08-20 12:54:39.633] [MSG_SENT] Message 2702 sent to TelemetryApp
[2025-08-20 12:54:39.636] [MSG_SENT] Message 2703 sent to FlightLogicApp
[2025-08-20 12:54:40.634] [MSG_SENT] Message 2701 sent to HKApp
[2025-08-20 12:54:40.637] [MSG_SENT] Message 2702 sent to TelemetryApp
[2025-08-20 12:54:40.641] [MSG_SENT] Message 2703 sent to FlightLogicApp
[2025-08-20 12:54:41.635] [MSG_SENT] Message 2701 sent to HKApp
[2025-08-20 12:54:41.643] [MSG_SENT] Message 2702 sent to TelemetryApp
[2025-08-20 12:54:41.644] [MSG_SENT] Message 2703 sent to FlightLogicApp
[2025-08-20 12:54:42.639] [MSG_SENT] Message 2701 sent to HKApp
[2025-08-20 12:54:42.645] [MSG_SENT] Message 2702 sent to TelemetryApp
[2025-08-20 12:54:42.646] [MSG_SENT] Message 2703 sent to FlightLogicApp
[2025-08-20 12:54:43.641] [MSG_SENT] Message 2701 sent to HKApp
[2025-08-20 12:54:43.651] [MSG_SENT] Message 2702 sent to TelemetryApp
[2025-08-20 12:54:43.651] [MSG_SENT] Message 2703 sent to FlightLogicApp
[2025-08-20 12:54:44.645] [MSG_SENT] Message 2701 sent to HKApp
[2025-08-20 12:54:44.652] [MSG_SENT] Message 2702 sent to TelemetryApp
[2025-08-20 12:54:44.653] [MSG_SENT] Message 2703 sent to FlightLogicApp
[2025-08-20 12:54:45.646] [MSG_SENT] Message 2701 sent to HKApp
[2025-08-20 12:54:45.655] [MSG_SENT] Message 2702 sent to TelemetryApp
[2025-08-20 12:54:45.657] [MSG_SENT] Message 2703 sent to FlightLogicApp
[2025-08-20 12:54:46.648] [MSG_SENT] Message 2701 sent to HKApp
[2025-08-20 12:54:46.660] [MSG_SENT] Message 2702 sent to TelemetryApp
[2025-08-20 12:54:46.661] [MSG_SENT] Message 2703 sent to FlightLogicApp
[2025-08-20 12:54:47.649] [MSG_SENT] Message 2701 sent to HKApp
[2025-08-20 12:54:47.663] [MSG_SENT] Message 2702 sent to TelemetryApp
[2025-08-20 12:54:47.663] [MSG_SENT] Message 2703 sent to FlightLogicApp
